Release 14.7 - xst P.20131013 (lin64)
Copyright (c) 1995-2013 Xilinx, Inc.  All rights reserved.
--> 
Parameter TMPDIR set to xst/projnav.tmp


Total REAL time to Xst completion: 0.00 secs
Total CPU time to Xst completion: 0.09 secs
 
--> 
Parameter xsthdpdir set to xst


Total REAL time to Xst completion: 0.00 secs
Total CPU time to Xst completion: 0.09 secs
 
--> 
Reading design: uartRx.prj

TABLE OF CONTENTS
  1) Synthesis Options Summary
  2) HDL Parsing
  3) HDL Elaboration
  4) HDL Synthesis
       4.1) HDL Synthesis Report
  5) Advanced HDL Synthesis
       5.1) Advanced HDL Synthesis Report
  6) Low Level Synthesis
  7) Partition Report
  8) Design Summary
       8.1) Primitive and Black Box Usage
       8.2) Device utilization summary
       8.3) Partition Resource Summary
       8.4) Timing Report
            8.4.1) Clock Information
            8.4.2) Asynchronous Control Signals Information
            8.4.3) Timing Summary
            8.4.4) Timing Details
            8.4.5) Cross Clock Domains Report


=========================================================================
*                      Synthesis Options Summary                        *
=========================================================================
---- Source Parameters
Input File Name                    : "uartRx.prj"
Ignore Synthesis Constraint File   : NO

---- Target Parameters
Output File Name                   : "uartRx"
Output Format                      : NGC
Target Device                      : xc6slx16-3-ftg256

---- Source Options
Top Module Name                    : uartRx
Automatic FSM Extraction           : YES
FSM Encoding Algorithm             : Auto
Safe Implementation                : No
FSM Style                          : LUT
RAM Extraction                     : Yes
RAM Style                          : Auto
ROM Extraction                     : Yes
Shift Register Extraction          : YES
ROM Style                          : Auto
Resource Sharing                   : YES
Asynchronous To Synchronous        : NO
Shift Register Minimum Size        : 2
Use DSP Block                      : Auto
Automatic Register Balancing       : No

---- Target Options
LUT Combining                      : Auto
Reduce Control Sets                : Auto
Add IO Buffers                     : YES
Global Maximum Fanout              : 100000
Add Generic Clock Buffer(BUFG)     : 16
Register Duplication               : YES
Optimize Instantiated Primitives   : NO
Use Clock Enable                   : Auto
Use Synchronous Set                : Auto
Use Synchronous Reset              : Auto
Pack IO Registers into IOBs        : Auto
Equivalent register Removal        : YES

---- General Options
Optimization Goal                  : Speed
Optimization Effort                : 1
Power Reduction                    : NO
Keep Hierarchy                     : No
Netlist Hierarchy                  : As_Optimized
RTL Output                         : Yes
Global Optimization                : AllClockNets
Read Cores                         : YES
Write Timing Constraints           : NO
Cross Clock Analysis               : NO
Hierarchy Separator                : /
Bus Delimiter                      : <>
Case Specifier                     : Maintain
Slice Utilization Ratio            : 100
BRAM Utilization Ratio             : 100
DSP48 Utilization Ratio            : 100
Auto BRAM Packing                  : NO
Slice Utilization Ratio Delta      : 5

=========================================================================


=========================================================================
*                          HDL Parsing                                  *
=========================================================================
Parsing VHDL file "/home/ise/bahadir_vs_fpga/uart_module_design/uart_rx_module/uartRx/uartRx.vhd" into library work
Parsing entity <uartRx>.
Parsing architecture <Behavioral> of entity <uartrx>.

=========================================================================
*                            HDL Elaboration                            *
=========================================================================

Elaborating entity <uartRx> (architecture <Behavioral>) with generics from library <work>.
WARNING:HDLCompiler:1127 - "/home/ise/bahadir_vs_fpga/uart_module_design/uart_rx_module/uartRx/uartRx.vhd" Line 60: Assignment to sampleratesig ignored, since the identifier is never used
WARNING:HDLCompiler:1127 - "/home/ise/bahadir_vs_fpga/uart_module_design/uart_rx_module/uartRx/uartRx.vhd" Line 62: Assignment to readingcompletesig ignored, since the identifier is never used
WARNING:HDLCompiler:92 - "/home/ise/bahadir_vs_fpga/uart_module_design/uart_rx_module/uartRx/uartRx.vhd" Line 67: baudratesig should be on the sensitivity list of the process
WARNING:HDLCompiler:92 - "/home/ise/bahadir_vs_fpga/uart_module_design/uart_rx_module/uartRx/uartRx.vhd" Line 70: baudratesig should be on the sensitivity list of the process
WARNING:HDLCompiler:92 - "/home/ise/bahadir_vs_fpga/uart_module_design/uart_rx_module/uartRx/uartRx.vhd" Line 71: sampleratesig should be on the sensitivity list of the process
WARNING:HDLCompiler:871 - "/home/ise/bahadir_vs_fpga/uart_module_design/uart_rx_module/uartRx/uartRx.vhd" Line 71: Using initial value 0 for sampleratecountlim since it is never assigned
WARNING:HDLCompiler:1127 - "/home/ise/bahadir_vs_fpga/uart_module_design/uart_rx_module/uartRx/uartRx.vhd" Line 65: Assignment to datareadysig ignored, since the identifier is never used
WARNING:HDLCompiler:1127 - "/home/ise/bahadir_vs_fpga/uart_module_design/uart_rx_module/uartRx/uartRx.vhd" Line 133: Assignment to datareadysig ignored, since the identifier is never used
WARNING:HDLCompiler:634 - "/home/ise/bahadir_vs_fpga/uart_module_design/uart_rx_module/uartRx/uartRx.vhd" Line 51: Net <sampleRateSig[23]> does not have a driver.

=========================================================================
*                           HDL Synthesis                               *
=========================================================================

Synthesizing Unit <uartRx>.
    Related source file is "/home/ise/bahadir_vs_fpga/uart_module_design/uart_rx_module/uartRx/uartRx.vhd".
        CLK_FREQ = 50000000
        MAX_BAUDRATE = 10000000
WARNING:Xst:647 - Input <sampleRate> is never used. This port will be preserved and left unconnected if it belongs to a top-level block or it belongs to a sub-block and the hierarchy of this sub-block is preserved.
WARNING:Xst:647 - Input <readingComplete> is never used. This port will be preserved and left unconnected if it belongs to a top-level block or it belongs to a sub-block and the hierarchy of this sub-block is preserved.
WARNING:Xst:2935 - Signal 'sampleRateSig', unconnected in block 'uartRx', is tied to its initial value (000000000000000000000000).
    Found 26-bit register for signal <main.baudCounter>.
    Found 24-bit register for signal <main.sampleRateMinOff>.
    Found 24-bit register for signal <main.sampleRateMaxOff>.
    Found 2-bit register for signal <uartRxSt>.
    Found 4-bit register for signal <main.dataBitCounter>.
    Found 1-bit register for signal <main.oldRx>.
    Found 8-bit register for signal <dataOutSig>.
    Found 8-bit register for signal <main.rcvdData>.
    Found 1-bit register for signal <busySig>.
    Found finite state machine <FSM_0> for signal <uartRxSt>.
    -----------------------------------------------------------------------
    | States             | 3                                              |
    | Transitions        | 13                                             |
    | Inputs             | 8                                              |
    | Outputs            | 2                                              |
    | Clock              | clk (rising_edge)                              |
    | Power Up State     | idle                                           |
    | Encoding           | auto                                           |
    | Implementation     | LUT                                            |
    -----------------------------------------------------------------------
    Found 26-bit adder for signal <main.baudCounter[25]_GND_3_o_add_28_OUT> created at line 110.
    Found 4-bit adder for signal <main.dataBitCounter[3]_GND_3_o_add_34_OUT> created at line 118.
    Found 26-bit 3-to-1 multiplexer for signal <uartRxSt[1]_X_3_o_wide_mux_56_OUT> created at line 78.
    Found 26-bit comparator greater for signal <n0018> created at line 101
    Found 26-bit comparator greater for signal <GND_3_o_main.baudCounter[25]_LessThan_30_o> created at line 111
    Found 26-bit comparator greater for signal <main.baudCounter[25]_GND_3_o_LessThan_31_o> created at line 111
    Found 26-bit comparator equal for signal <GND_3_o_main.baudCounter[25]_equal_33_o> created at line 115
    Found 4-bit comparator greater for signal <n0035> created at line 120
    Summary:
	inferred   2 Adder/Subtractor(s).
	inferred  96 D-type flip-flop(s).
	inferred   5 Comparator(s).
	inferred  16 Multiplexer(s).
	inferred   1 Finite State Machine(s).
Unit <uartRx> synthesized.

Synthesizing Unit <div_26u_24u>.
    Related source file is "".
    Found 49-bit adder for signal <n2229> created at line 0.
    Found 49-bit adder for signal <GND_4_o_b[23]_add_3_OUT> created at line 0.
    Found 48-bit adder for signal <n2233> created at line 0.
    Found 48-bit adder for signal <GND_4_o_b[23]_add_5_OUT> created at line 0.
    Found 47-bit adder for signal <n2237> created at line 0.
    Found 47-bit adder for signal <GND_4_o_b[23]_add_7_OUT> created at line 0.
    Found 46-bit adder for signal <n2241> created at line 0.
    Found 46-bit adder for signal <GND_4_o_b[23]_add_9_OUT> created at line 0.
    Found 45-bit adder for signal <n2245> created at line 0.
    Found 45-bit adder for signal <GND_4_o_b[23]_add_11_OUT> created at line 0.
    Found 44-bit adder for signal <n2249> created at line 0.
    Found 44-bit adder for signal <GND_4_o_b[23]_add_13_OUT> created at line 0.
    Found 43-bit adder for signal <n2253> created at line 0.
    Found 43-bit adder for signal <GND_4_o_b[23]_add_15_OUT> created at line 0.
    Found 42-bit adder for signal <n2257> created at line 0.
    Found 42-bit adder for signal <GND_4_o_b[23]_add_17_OUT> created at line 0.
    Found 41-bit adder for signal <n2261> created at line 0.
    Found 41-bit adder for signal <GND_4_o_b[23]_add_19_OUT> created at line 0.
    Found 40-bit adder for signal <n2265> created at line 0.
    Found 40-bit adder for signal <GND_4_o_b[23]_add_21_OUT> created at line 0.
    Found 39-bit adder for signal <n2269> created at line 0.
    Found 39-bit adder for signal <GND_4_o_b[23]_add_23_OUT> created at line 0.
    Found 38-bit adder for signal <n2273> created at line 0.
    Found 38-bit adder for signal <GND_4_o_b[23]_add_25_OUT> created at line 0.
    Found 37-bit adder for signal <n2277> created at line 0.
    Found 37-bit adder for signal <GND_4_o_b[23]_add_27_OUT> created at line 0.
    Found 36-bit adder for signal <n2281> created at line 0.
    Found 36-bit adder for signal <GND_4_o_b[23]_add_29_OUT> created at line 0.
    Found 35-bit adder for signal <n2285> created at line 0.
    Found 35-bit adder for signal <GND_4_o_b[23]_add_31_OUT> created at line 0.
    Found 34-bit adder for signal <n2289> created at line 0.
    Found 34-bit adder for signal <GND_4_o_b[23]_add_33_OUT> created at line 0.
    Found 33-bit adder for signal <n2293> created at line 0.
    Found 33-bit adder for signal <GND_4_o_b[23]_add_35_OUT> created at line 0.
    Found 32-bit adder for signal <n2297> created at line 0.
    Found 32-bit adder for signal <GND_4_o_b[23]_add_37_OUT> created at line 0.
    Found 31-bit adder for signal <n2301> created at line 0.
    Found 31-bit adder for signal <GND_4_o_b[23]_add_39_OUT> created at line 0.
    Found 30-bit adder for signal <n2305> created at line 0.
    Found 30-bit adder for signal <GND_4_o_b[23]_add_41_OUT> created at line 0.
    Found 29-bit adder for signal <n2309> created at line 0.
    Found 29-bit adder for signal <GND_4_o_b[23]_add_43_OUT> created at line 0.
    Found 28-bit adder for signal <n2313> created at line 0.
    Found 28-bit adder for signal <GND_4_o_b[23]_add_45_OUT> created at line 0.
    Found 27-bit adder for signal <n2317> created at line 0.
    Found 27-bit adder for signal <GND_4_o_b[23]_add_47_OUT> created at line 0.
    Found 26-bit adder for signal <n2321> created at line 0.
    Found 26-bit adder for signal <a[25]_b[23]_add_49_OUT[25:0]> created at line 0.
    Found 26-bit adder for signal <n2325> created at line 0.
    Found 26-bit adder for signal <a[25]_GND_4_o_add_51_OUT[25:0]> created at line 0.
    Found 50-bit adder for signal <GND_4_o_b[23]_add_1_OUT> created at line 0.
    Found 50-bit comparator lessequal for signal <BUS_0001> created at line 0
    Found 49-bit comparator lessequal for signal <BUS_0002> created at line 0
    Found 48-bit comparator lessequal for signal <BUS_0003> created at line 0
    Found 47-bit comparator lessequal for signal <BUS_0004> created at line 0
    Found 46-bit comparator lessequal for signal <BUS_0005> created at line 0
    Found 45-bit comparator lessequal for signal <BUS_0006> created at line 0
    Found 44-bit comparator lessequal for signal <BUS_0007> created at line 0
    Found 43-bit comparator lessequal for signal <BUS_0008> created at line 0
    Found 42-bit comparator lessequal for signal <BUS_0009> created at line 0
    Found 41-bit comparator lessequal for signal <BUS_0010> created at line 0
    Found 40-bit comparator lessequal for signal <BUS_0011> created at line 0
    Found 39-bit comparator lessequal for signal <BUS_0012> created at line 0
    Found 38-bit comparator lessequal for signal <BUS_0013> created at line 0
    Found 37-bit comparator lessequal for signal <BUS_0014> created at line 0
    Found 36-bit comparator lessequal for signal <BUS_0015> created at line 0
    Found 35-bit comparator lessequal for signal <BUS_0016> created at line 0
    Found 34-bit comparator lessequal for signal <BUS_0017> created at line 0
    Found 33-bit comparator lessequal for signal <BUS_0018> created at line 0
    Found 32-bit comparator lessequal for signal <BUS_0019> created at line 0
    Found 31-bit comparator lessequal for signal <BUS_0020> created at line 0
    Found 30-bit comparator lessequal for signal <BUS_0021> created at line 0
    Found 29-bit comparator lessequal for signal <BUS_0022> created at line 0
    Found 28-bit comparator lessequal for signal <BUS_0023> created at line 0
    Found 27-bit comparator lessequal for signal <BUS_0024> created at line 0
    Found 26-bit comparator lessequal for signal <BUS_0025> created at line 0
    Found 26-bit comparator lessequal for signal <BUS_0026> created at line 0
    Found 26-bit comparator lessequal for signal <BUS_0027> created at line 0
    Summary:
	inferred  51 Adder/Subtractor(s).
	inferred  27 Comparator(s).
	inferred 601 Multiplexer(s).
Unit <div_26u_24u> synthesized.

=========================================================================
HDL Synthesis Report

Macro Statistics
# Adders/Subtractors                                   : 53
 26-bit adder                                          : 5
 27-bit adder                                          : 2
 28-bit adder                                          : 2
 29-bit adder                                          : 2
 30-bit adder                                          : 2
 31-bit adder                                          : 2
 32-bit adder                                          : 2
 33-bit adder                                          : 2
 34-bit adder                                          : 2
 35-bit adder                                          : 2
 36-bit adder                                          : 2
 37-bit adder                                          : 2
 38-bit adder                                          : 2
 39-bit adder                                          : 2
 4-bit adder                                           : 1
 40-bit adder                                          : 2
 41-bit adder                                          : 2
 42-bit adder                                          : 2
 43-bit adder                                          : 2
 44-bit adder                                          : 2
 45-bit adder                                          : 2
 46-bit adder                                          : 2
 47-bit adder                                          : 2
 48-bit adder                                          : 2
 49-bit adder                                          : 2
 50-bit adder                                          : 1
# Registers                                            : 8
 1-bit register                                        : 2
 24-bit register                                       : 2
 26-bit register                                       : 1
 4-bit register                                        : 1
 8-bit register                                        : 2
# Comparators                                          : 32
 26-bit comparator equal                               : 1
 26-bit comparator greater                             : 3
 26-bit comparator lessequal                           : 3
 27-bit comparator lessequal                           : 1
 28-bit comparator lessequal                           : 1
 29-bit comparator lessequal                           : 1
 30-bit comparator lessequal                           : 1
 31-bit comparator lessequal                           : 1
 32-bit comparator lessequal                           : 1
 33-bit comparator lessequal                           : 1
 34-bit comparator lessequal                           : 1
 35-bit comparator lessequal                           : 1
 36-bit comparator lessequal                           : 1
 37-bit comparator lessequal                           : 1
 38-bit comparator lessequal                           : 1
 39-bit comparator lessequal                           : 1
 4-bit comparator greater                              : 1
 40-bit comparator lessequal                           : 1
 41-bit comparator lessequal                           : 1
 42-bit comparator lessequal                           : 1
 43-bit comparator lessequal                           : 1
 44-bit comparator lessequal                           : 1
 45-bit comparator lessequal                           : 1
 46-bit comparator lessequal                           : 1
 47-bit comparator lessequal                           : 1
 48-bit comparator lessequal                           : 1
 49-bit comparator lessequal                           : 1
 50-bit comparator lessequal                           : 1
# Multiplexers                                         : 617
 1-bit 2-to-1 multiplexer                              : 607
 26-bit 2-to-1 multiplexer                             : 8
 26-bit 3-to-1 multiplexer                             : 1
 4-bit 2-to-1 multiplexer                              : 1
# FSMs                                                 : 1
# Xors                                                 : 1
 1-bit xor2                                            : 1

=========================================================================

=========================================================================
*                       Advanced HDL Synthesis                          *
=========================================================================


=========================================================================
Advanced HDL Synthesis Report

Macro Statistics
# Adders/Subtractors                                   : 28
 26-bit adder                                          : 2
 26-bit adder carry in                                 : 25
 4-bit adder                                           : 1
# Registers                                            : 96
 Flip-Flops                                            : 96
# Comparators                                          : 32
 26-bit comparator equal                               : 1
 26-bit comparator greater                             : 3
 26-bit comparator lessequal                           : 3
 27-bit comparator lessequal                           : 1
 28-bit comparator lessequal                           : 1
 29-bit comparator lessequal                           : 1
 30-bit comparator lessequal                           : 1
 31-bit comparator lessequal                           : 1
 32-bit comparator lessequal                           : 1
 33-bit comparator lessequal                           : 1
 34-bit comparator lessequal                           : 1
 35-bit comparator lessequal                           : 1
 36-bit comparator lessequal                           : 1
 37-bit comparator lessequal                           : 1
 38-bit comparator lessequal                           : 1
 39-bit comparator lessequal                           : 1
 4-bit comparator greater                              : 1
 40-bit comparator lessequal                           : 1
 41-bit comparator lessequal                           : 1
 42-bit comparator lessequal                           : 1
 43-bit comparator lessequal                           : 1
 44-bit comparator lessequal                           : 1
 45-bit comparator lessequal                           : 1
 46-bit comparator lessequal                           : 1
 47-bit comparator lessequal                           : 1
 48-bit comparator lessequal                           : 1
 49-bit comparator lessequal                           : 1
 50-bit comparator lessequal                           : 1
# Multiplexers                                         : 617
 1-bit 2-to-1 multiplexer                              : 607
 26-bit 2-to-1 multiplexer                             : 8
 26-bit 3-to-1 multiplexer                             : 1
 4-bit 2-to-1 multiplexer                              : 1
# FSMs                                                 : 1
# Xors                                                 : 1
 1-bit xor2                                            : 1

=========================================================================

=========================================================================
*                         Low Level Synthesis                           *
=========================================================================
INFO:Xst:2261 - The FF/Latch <main.sampleRateMinOff_9> in Unit <uartRx> is equivalent to the following FF/Latch, which will be removed : <main.sampleRateMaxOff_9> 
INFO:Xst:2261 - The FF/Latch <main.sampleRateMinOff_10> in Unit <uartRx> is equivalent to the following FF/Latch, which will be removed : <main.sampleRateMaxOff_10> 
INFO:Xst:2261 - The FF/Latch <main.sampleRateMinOff_11> in Unit <uartRx> is equivalent to the following FF/Latch, which will be removed : <main.sampleRateMaxOff_11> 
INFO:Xst:2261 - The FF/Latch <main.sampleRateMinOff_12> in Unit <uartRx> is equivalent to the following FF/Latch, which will be removed : <main.sampleRateMaxOff_12> 
INFO:Xst:2261 - The FF/Latch <main.sampleRateMinOff_13> in Unit <uartRx> is equivalent to the following FF/Latch, which will be removed : <main.sampleRateMaxOff_13> 
INFO:Xst:2261 - The FF/Latch <main.sampleRateMinOff_14> in Unit <uartRx> is equivalent to the following FF/Latch, which will be removed : <main.sampleRateMaxOff_14> 
INFO:Xst:2261 - The FF/Latch <main.sampleRateMinOff_19> in Unit <uartRx> is equivalent to the following FF/Latch, which will be removed : <main.sampleRateMaxOff_19> 
INFO:Xst:2261 - The FF/Latch <main.sampleRateMinOff_15> in Unit <uartRx> is equivalent to the following FF/Latch, which will be removed : <main.sampleRateMaxOff_15> 
INFO:Xst:2261 - The FF/Latch <main.sampleRateMinOff_20> in Unit <uartRx> is equivalent to the following FF/Latch, which will be removed : <main.sampleRateMaxOff_20> 
INFO:Xst:2261 - The FF/Latch <main.sampleRateMinOff_0> in Unit <uartRx> is equivalent to the following FF/Latch, which will be removed : <main.sampleRateMaxOff_0> 
INFO:Xst:2261 - The FF/Latch <main.sampleRateMinOff_16> in Unit <uartRx> is equivalent to the following FF/Latch, which will be removed : <main.sampleRateMaxOff_16> 
INFO:Xst:2261 - The FF/Latch <main.sampleRateMinOff_21> in Unit <uartRx> is equivalent to the following FF/Latch, which will be removed : <main.sampleRateMaxOff_21> 
INFO:Xst:2261 - The FF/Latch <main.sampleRateMinOff_1> in Unit <uartRx> is equivalent to the following FF/Latch, which will be removed : <main.sampleRateMaxOff_1> 
INFO:Xst:2261 - The FF/Latch <main.sampleRateMinOff_17> in Unit <uartRx> is equivalent to the following FF/Latch, which will be removed : <main.sampleRateMaxOff_17> 
INFO:Xst:2261 - The FF/Latch <main.sampleRateMinOff_22> in Unit <uartRx> is equivalent to the following FF/Latch, which will be removed : <main.sampleRateMaxOff_22> 
INFO:Xst:2261 - The FF/Latch <main.sampleRateMinOff_2> in Unit <uartRx> is equivalent to the following FF/Latch, which will be removed : <main.sampleRateMaxOff_2> 
INFO:Xst:2261 - The FF/Latch <main.sampleRateMinOff_18> in Unit <uartRx> is equivalent to the following FF/Latch, which will be removed : <main.sampleRateMaxOff_18> 
INFO:Xst:2261 - The FF/Latch <main.sampleRateMinOff_23> in Unit <uartRx> is equivalent to the following FF/Latch, which will be removed : <main.sampleRateMaxOff_23> 
INFO:Xst:2261 - The FF/Latch <main.sampleRateMinOff_3> in Unit <uartRx> is equivalent to the following FF/Latch, which will be removed : <main.sampleRateMaxOff_3> 
INFO:Xst:2261 - The FF/Latch <main.sampleRateMinOff_4> in Unit <uartRx> is equivalent to the following FF/Latch, which will be removed : <main.sampleRateMaxOff_4> 
INFO:Xst:2261 - The FF/Latch <main.sampleRateMinOff_5> in Unit <uartRx> is equivalent to the following FF/Latch, which will be removed : <main.sampleRateMaxOff_5> 
INFO:Xst:2261 - The FF/Latch <main.sampleRateMinOff_6> in Unit <uartRx> is equivalent to the following FF/Latch, which will be removed : <main.sampleRateMaxOff_6> 
INFO:Xst:2261 - The FF/Latch <main.sampleRateMinOff_7> in Unit <uartRx> is equivalent to the following FF/Latch, which will be removed : <main.sampleRateMaxOff_7> 
INFO:Xst:2261 - The FF/Latch <main.sampleRateMinOff_8> in Unit <uartRx> is equivalent to the following FF/Latch, which will be removed : <main.sampleRateMaxOff_8> 
Analyzing FSM <MFsm> for best encoding.
Optimizing FSM <FSM_0> on signal <uartRxSt[1:2]> with user encoding.
---------------------
 State   | Encoding
---------------------
 idle    | 00
 start   | 01
 receive | 10
---------------------

Optimizing unit <uartRx> ...

Optimizing unit <div_26u_24u> ...
WARNING:Xst:1293 - FF/Latch <main.baudCounter_24> has a constant value of 0 in block <uartRx>. This FF/Latch will be trimmed during the optimization process.
WARNING:Xst:1896 - Due to other FF/Latch trimming, FF/Latch <main.baudCounter_25> has a constant value of 0 in block <uartRx>. This FF/Latch will be trimmed during the optimization process.

Mapping all equations...
Building and optimizing final netlist ...
Found area constraint ratio of 100 (+ 5) on block uartRx, actual ratio is 16.

Final Macro Processing ...

=========================================================================
Final Register Report

Macro Statistics
# Registers                                            : 72
 Flip-Flops                                            : 72

=========================================================================

=========================================================================
*                           Partition Report                            *
=========================================================================

Partition Implementation Status
-------------------------------

  No Partitions were found in this design.

-------------------------------

=========================================================================
*                            Design Summary                             *
=========================================================================

Top Level Output File Name         : uartRx.ngc

Primitive and Black Box Usage:
------------------------------
# BELS                             : 2023
#      GND                         : 1
#      INV                         : 19
#      LUT1                        : 33
#      LUT2                        : 29
#      LUT3                        : 118
#      LUT4                        : 508
#      LUT5                        : 231
#      LUT6                        : 214
#      MUXCY                       : 555
#      MUXF7                       : 4
#      VCC                         : 1
#      XORCY                       : 310
# FlipFlops/Latches                : 72
#      FD                          : 32
#      FDE                         : 40
# Clock Buffers                    : 1
#      BUFGP                       : 1
# IO Buffers                       : 34
#      IBUF                        : 25
#      OBUF                        : 9

Device utilization summary:
---------------------------

Selected Device : 6slx16ftg256-3 


Slice Logic Utilization: 
 Number of Slice Registers:              72  out of  18224     0%  
 Number of Slice LUTs:                 1152  out of   9112    12%  
    Number used as Logic:              1152  out of   9112    12%  

Slice Logic Distribution: 
 Number of LUT Flip Flop pairs used:   1173
   Number with an unused Flip Flop:    1101  out of   1173    93%  
   Number with an unused LUT:            21  out of   1173     1%  
   Number of fully used LUT-FF pairs:    51  out of   1173     4%  
   Number of unique control sets:         3

IO Utilization: 
 Number of IOs:                          61
 Number of bonded IOBs:                  35  out of    186    18%  

Specific Feature Utilization:
 Number of BUFG/BUFGCTRLs:                1  out of     16     6%  

---------------------------
Partition Resource Summary:
---------------------------

  No Partitions were found in this design.

---------------------------


=========================================================================
Timing Report

NOTE: THESE TIMING NUMBERS ARE ONLY A SYNTHESIS ESTIMATE.
      FOR ACCURATE TIMING INFORMATION PLEASE REFER TO THE TRACE REPORT
      GENERATED AFTER PLACE-and-ROUTE.

Clock Information:
------------------
-----------------------------------+------------------------+-------+
Clock Signal                       | Clock buffer(FF name)  | Load  |
-----------------------------------+------------------------+-------+
clk                                | BUFGP                  | 72    |
-----------------------------------+------------------------+-------+

Asynchronous Control Signals Information:
----------------------------------------
No asynchronous control signals found in this design

Timing Summary:
---------------
Speed Grade: -3

   Minimum period: 5.957ns (Maximum Frequency: 167.868MHz)
   Minimum input arrival time before clock: 90.037ns
   Maximum output required time after clock: 3.668ns
   Maximum combinational path delay: No path found

Timing Details:
---------------
All values displayed in nanoseconds (ns)

=========================================================================
Timing constraint: Default period analysis for Clock 'clk'
  Clock period: 5.957ns (frequency: 167.868MHz)
  Total number of paths / destination ports: 53263 / 88
-------------------------------------------------------------------------
Delay:               5.957ns (Levels of Logic = 30)
  Source:            main.baudCounter_0 (FF)
  Destination:       main.rcvdData_0 (FF)
  Source Clock:      clk rising
  Destination Clock: clk rising

  Data Path: main.baudCounter_0 to main.rcvdData_0
                                Gate     Net
    Cell:in->out      fanout   Delay   Delay  Logical Name (Net Name)
    ----------------------------------------  ------------
     FD:C->Q               2   0.447   0.616  main.baudCounter_0 (main.baudCounter_0)
     INV:I->O              1   0.206   0.000  Madd_main.baudCounter[25]_GND_3_o_add_28_OUT_lut<0>_INV_0 (Madd_main.baudCounter[25]_GND_3_o_add_28_OUT_lut<0>)
     MUXCY:S->O            1   0.172   0.000  Madd_main.baudCounter[25]_GND_3_o_add_28_OUT_cy<0> (Madd_main.baudCounter[25]_GND_3_o_add_28_OUT_cy<0>)
     MUXCY:CI->O           1   0.019   0.000  Madd_main.baudCounter[25]_GND_3_o_add_28_OUT_cy<1> (Madd_main.baudCounter[25]_GND_3_o_add_28_OUT_cy<1>)
     MUXCY:CI->O           1   0.019   0.000  Madd_main.baudCounter[25]_GND_3_o_add_28_OUT_cy<2> (Madd_main.baudCounter[25]_GND_3_o_add_28_OUT_cy<2>)
     MUXCY:CI->O           1   0.019   0.000  Madd_main.baudCounter[25]_GND_3_o_add_28_OUT_cy<3> (Madd_main.baudCounter[25]_GND_3_o_add_28_OUT_cy<3>)
     MUXCY:CI->O           1   0.019   0.000  Madd_main.baudCounter[25]_GND_3_o_add_28_OUT_cy<4> (Madd_main.baudCounter[25]_GND_3_o_add_28_OUT_cy<4>)
     MUXCY:CI->O           1   0.019   0.000  Madd_main.baudCounter[25]_GND_3_o_add_28_OUT_cy<5> (Madd_main.baudCounter[25]_GND_3_o_add_28_OUT_cy<5>)
     MUXCY:CI->O           1   0.019   0.000  Madd_main.baudCounter[25]_GND_3_o_add_28_OUT_cy<6> (Madd_main.baudCounter[25]_GND_3_o_add_28_OUT_cy<6>)
     MUXCY:CI->O           1   0.019   0.000  Madd_main.baudCounter[25]_GND_3_o_add_28_OUT_cy<7> (Madd_main.baudCounter[25]_GND_3_o_add_28_OUT_cy<7>)
     MUXCY:CI->O           1   0.019   0.000  Madd_main.baudCounter[25]_GND_3_o_add_28_OUT_cy<8> (Madd_main.baudCounter[25]_GND_3_o_add_28_OUT_cy<8>)
     MUXCY:CI->O           1   0.019   0.000  Madd_main.baudCounter[25]_GND_3_o_add_28_OUT_cy<9> (Madd_main.baudCounter[25]_GND_3_o_add_28_OUT_cy<9>)
     MUXCY:CI->O           1   0.019   0.000  Madd_main.baudCounter[25]_GND_3_o_add_28_OUT_cy<10> (Madd_main.baudCounter[25]_GND_3_o_add_28_OUT_cy<10>)
     MUXCY:CI->O           1   0.019   0.000  Madd_main.baudCounter[25]_GND_3_o_add_28_OUT_cy<11> (Madd_main.baudCounter[25]_GND_3_o_add_28_OUT_cy<11>)
     MUXCY:CI->O           1   0.019   0.000  Madd_main.baudCounter[25]_GND_3_o_add_28_OUT_cy<12> (Madd_main.baudCounter[25]_GND_3_o_add_28_OUT_cy<12>)
     MUXCY:CI->O           1   0.019   0.000  Madd_main.baudCounter[25]_GND_3_o_add_28_OUT_cy<13> (Madd_main.baudCounter[25]_GND_3_o_add_28_OUT_cy<13>)
     MUXCY:CI->O           1   0.019   0.000  Madd_main.baudCounter[25]_GND_3_o_add_28_OUT_cy<14> (Madd_main.baudCounter[25]_GND_3_o_add_28_OUT_cy<14>)
     MUXCY:CI->O           1   0.019   0.000  Madd_main.baudCounter[25]_GND_3_o_add_28_OUT_cy<15> (Madd_main.baudCounter[25]_GND_3_o_add_28_OUT_cy<15>)
     MUXCY:CI->O           1   0.019   0.000  Madd_main.baudCounter[25]_GND_3_o_add_28_OUT_cy<16> (Madd_main.baudCounter[25]_GND_3_o_add_28_OUT_cy<16>)
     MUXCY:CI->O           1   0.019   0.000  Madd_main.baudCounter[25]_GND_3_o_add_28_OUT_cy<17> (Madd_main.baudCounter[25]_GND_3_o_add_28_OUT_cy<17>)
     MUXCY:CI->O           1   0.019   0.000  Madd_main.baudCounter[25]_GND_3_o_add_28_OUT_cy<18> (Madd_main.baudCounter[25]_GND_3_o_add_28_OUT_cy<18>)
     MUXCY:CI->O           1   0.019   0.000  Madd_main.baudCounter[25]_GND_3_o_add_28_OUT_cy<19> (Madd_main.baudCounter[25]_GND_3_o_add_28_OUT_cy<19>)
     MUXCY:CI->O           1   0.019   0.000  Madd_main.baudCounter[25]_GND_3_o_add_28_OUT_cy<20> (Madd_main.baudCounter[25]_GND_3_o_add_28_OUT_cy<20>)
     MUXCY:CI->O           1   0.019   0.000  Madd_main.baudCounter[25]_GND_3_o_add_28_OUT_cy<21> (Madd_main.baudCounter[25]_GND_3_o_add_28_OUT_cy<21>)
     MUXCY:CI->O           1   0.019   0.000  Madd_main.baudCounter[25]_GND_3_o_add_28_OUT_cy<22> (Madd_main.baudCounter[25]_GND_3_o_add_28_OUT_cy<22>)
     MUXCY:CI->O           0   0.019   0.000  Madd_main.baudCounter[25]_GND_3_o_add_28_OUT_cy<23> (Madd_main.baudCounter[25]_GND_3_o_add_28_OUT_cy<23>)
     XORCY:CI->O           7   0.180   1.118  Madd_main.baudCounter[25]_GND_3_o_add_28_OUT_xor<24> (main.baudCounter[25]_GND_3_o_add_28_OUT<24>)
     LUT5:I0->O            0   0.203   0.000  Mcompar_main.baudCounter[25]_GND_3_o_LessThan_31_o_lutdi11 (Mcompar_main.baudCounter[25]_GND_3_o_LessThan_31_o_lutdi11)
     MUXCY:DI->O           1   0.145   0.000  Mcompar_main.baudCounter[25]_GND_3_o_LessThan_31_o_cy<11> (Mcompar_main.baudCounter[25]_GND_3_o_LessThan_31_o_cy<11>)
     MUXCY:CI->O          11   0.019   0.882  Mcompar_main.baudCounter[25]_GND_3_o_LessThan_31_o_cy<12> (Mcompar_main.baudCounter[25]_GND_3_o_LessThan_31_o_cy<12>)
     INV:I->O             16   0.206   1.004  _n0237_inv1_cepot_INV_0 (_n0237_inv1_cepot)
     FDE:CE                    0.322          main.rcvdData_0
    ----------------------------------------
    Total                      5.957ns (2.337ns logic, 3.620ns route)
                                       (39.2% logic, 60.8% route)

=========================================================================
Timing constraint: Default OFFSET IN BEFORE for Clock 'clk'
  Total number of paths / destination ports: 777162073857640092607827957830909952 / 88
-------------------------------------------------------------------------
Offset:              90.037ns (Levels of Logic = 235)
  Source:            baudrate<1> (PAD)
  Destination:       main.sampleRateMinOff_0 (FF)
  Destination Clock: clk rising

  Data Path: baudrate<1> to main.sampleRateMinOff_0
                                Gate     Net
    Cell:in->out      fanout   Delay   Delay  Logical Name (Net Name)
    ----------------------------------------  ------------
     IBUF:I->O            80   1.222   2.090  baudrate_1_IBUF (baudrate_1_IBUF)
     LUT5:I0->O            1   0.203   0.000  PWR_3_o_baudrateSig[23]_div_7/Mcompar_o<25>_lut<0> (PWR_3_o_baudrateSig[23]_div_7/Mcompar_o<25>_lut<0>)
     MUXCY:S->O            1   0.172   0.000  PWR_3_o_baudrateSig[23]_div_7/Mcompar_o<25>_cy<0> (PWR_3_o_baudrateSig[23]_div_7/Mcompar_o<25>_cy<0>)
     MUXCY:CI->O           1   0.019   0.000  PWR_3_o_baudrateSig[23]_div_7/Mcompar_o<25>_cy<1> (PWR_3_o_baudrateSig[23]_div_7/Mcompar_o<25>_cy<1>)
     MUXCY:CI->O           1   0.019   0.000  PWR_3_o_baudrateSig[23]_div_7/Mcompar_o<25>_cy<2> (PWR_3_o_baudrateSig[23]_div_7/Mcompar_o<25>_cy<2>)
     MUXCY:CI->O           1   0.019   0.000  PWR_3_o_baudrateSig[23]_div_7/Mcompar_o<25>_cy<3> (PWR_3_o_baudrateSig[23]_div_7/Mcompar_o<25>_cy<3>)
     MUXCY:CI->O           3   0.213   0.755  PWR_3_o_baudrateSig[23]_div_7/Mcompar_o<25>_cy<4> (PWR_3_o_baudrateSig[23]_div_7/o<25>)
     LUT2:I0->O            2   0.203   0.864  PWR_3_o_baudrateSig[23]_div_7/Mmux_a[0]_GND_4_o_MUX_198_o1171 (PWR_3_o_baudrateSig[23]_div_7/a[25]_GND_4_o_MUX_173_o)
     LUT5:I1->O            0   0.203   0.000  PWR_3_o_baudrateSig[23]_div_7/Mcompar_o<24>_lutdi (PWR_3_o_baudrateSig[23]_div_7/Mcompar_o<24>_lutdi)
     MUXCY:DI->O           1   0.145   0.000  PWR_3_o_baudrateSig[23]_div_7/Mcompar_o<24>_cy<0> (PWR_3_o_baudrateSig[23]_div_7/Mcompar_o<24>_cy<0>)
     MUXCY:CI->O           1   0.019   0.000  PWR_3_o_baudrateSig[23]_div_7/Mcompar_o<24>_cy<1> (PWR_3_o_baudrateSig[23]_div_7/Mcompar_o<24>_cy<1>)
     MUXCY:CI->O           1   0.019   0.000  PWR_3_o_baudrateSig[23]_div_7/Mcompar_o<24>_cy<2> (PWR_3_o_baudrateSig[23]_div_7/Mcompar_o<24>_cy<2>)
     MUXCY:CI->O           1   0.019   0.000  PWR_3_o_baudrateSig[23]_div_7/Mcompar_o<24>_cy<3> (PWR_3_o_baudrateSig[23]_div_7/Mcompar_o<24>_cy<3>)
     MUXCY:CI->O           1   0.019   0.000  PWR_3_o_baudrateSig[23]_div_7/Mcompar_o<24>_cy<4> (PWR_3_o_baudrateSig[23]_div_7/Mcompar_o<24>_cy<4>)
     MUXCY:CI->O           6   0.258   0.992  PWR_3_o_baudrateSig[23]_div_7/Mcompar_o<24>_cy<5> (n0101<24>)
     LUT4:I0->O            2   0.203   0.721  PWR_3_o_baudrateSig[23]_div_7/Mmux_a[0]_GND_4_o_MUX_294_o1171 (PWR_3_o_baudrateSig[23]_div_7/a[25]_GND_4_o_MUX_269_o)
     LUT5:I3->O            1   0.203   0.000  PWR_3_o_baudrateSig[23]_div_7/Mcompar_o<23>_lut<1> (PWR_3_o_baudrateSig[23]_div_7/Mcompar_o<23>_lut<1>)
     MUXCY:S->O            1   0.172   0.000  PWR_3_o_baudrateSig[23]_div_7/Mcompar_o<23>_cy<1> (PWR_3_o_baudrateSig[23]_div_7/Mcompar_o<23>_cy<1>)
     MUXCY:CI->O           1   0.019   0.000  PWR_3_o_baudrateSig[23]_div_7/Mcompar_o<23>_cy<2> (PWR_3_o_baudrateSig[23]_div_7/Mcompar_o<23>_cy<2>)
     MUXCY:CI->O           1   0.019   0.000  PWR_3_o_baudrateSig[23]_div_7/Mcompar_o<23>_cy<3> (PWR_3_o_baudrateSig[23]_div_7/Mcompar_o<23>_cy<3>)
     MUXCY:CI->O           1   0.019   0.000  PWR_3_o_baudrateSig[23]_div_7/Mcompar_o<23>_cy<4> (PWR_3_o_baudrateSig[23]_div_7/Mcompar_o<23>_cy<4>)
     MUXCY:CI->O           8   0.258   1.167  PWR_3_o_baudrateSig[23]_div_7/Mcompar_o<23>_cy<5> (n0101<23>)
     LUT6:I0->O            3   0.203   0.898  PWR_3_o_baudrateSig[23]_div_7/Mmux_a[0]_GND_4_o_MUX_388_o1171 (PWR_3_o_baudrateSig[23]_div_7/a[25]_GND_4_o_MUX_363_o)
     LUT5:I1->O            0   0.203   0.000  PWR_3_o_baudrateSig[23]_div_7/Mcompar_o<22>_lutdi1 (PWR_3_o_baudrateSig[23]_div_7/Mcompar_o<22>_lutdi1)
     MUXCY:DI->O           1   0.145   0.000  PWR_3_o_baudrateSig[23]_div_7/Mcompar_o<22>_cy<1> (PWR_3_o_baudrateSig[23]_div_7/Mcompar_o<22>_cy<1>)
     MUXCY:CI->O           1   0.019   0.000  PWR_3_o_baudrateSig[23]_div_7/Mcompar_o<22>_cy<2> (PWR_3_o_baudrateSig[23]_div_7/Mcompar_o<22>_cy<2>)
     MUXCY:CI->O           1   0.019   0.000  PWR_3_o_baudrateSig[23]_div_7/Mcompar_o<22>_cy<3> (PWR_3_o_baudrateSig[23]_div_7/Mcompar_o<22>_cy<3>)
     MUXCY:CI->O           1   0.019   0.000  PWR_3_o_baudrateSig[23]_div_7/Mcompar_o<22>_cy<4> (PWR_3_o_baudrateSig[23]_div_7/Mcompar_o<22>_cy<4>)
     MUXCY:CI->O          10   0.258   1.221  PWR_3_o_baudrateSig[23]_div_7/Mcompar_o<22>_cy<5> (n0101<22>)
     LUT6:I0->O            4   0.203   0.931  PWR_3_o_baudrateSig[23]_div_7/Mmux_a[0]_GND_4_o_MUX_480_o1161 (PWR_3_o_baudrateSig[23]_div_7/a[24]_GND_4_o_MUX_456_o)
     LUT4:I0->O            0   0.203   0.000  PWR_3_o_baudrateSig[23]_div_7/Mcompar_o<21>_lutdi1 (PWR_3_o_baudrateSig[23]_div_7/Mcompar_o<21>_lutdi1)
     MUXCY:DI->O           1   0.145   0.000  PWR_3_o_baudrateSig[23]_div_7/Mcompar_o<21>_cy<1> (PWR_3_o_baudrateSig[23]_div_7/Mcompar_o<21>_cy<1>)
     MUXCY:CI->O           1   0.019   0.000  PWR_3_o_baudrateSig[23]_div_7/Mcompar_o<21>_cy<2> (PWR_3_o_baudrateSig[23]_div_7/Mcompar_o<21>_cy<2>)
     MUXCY:CI->O           1   0.019   0.000  PWR_3_o_baudrateSig[23]_div_7/Mcompar_o<21>_cy<3> (PWR_3_o_baudrateSig[23]_div_7/Mcompar_o<21>_cy<3>)
     MUXCY:CI->O           1   0.019   0.000  PWR_3_o_baudrateSig[23]_div_7/Mcompar_o<21>_cy<4> (PWR_3_o_baudrateSig[23]_div_7/Mcompar_o<21>_cy<4>)
     MUXCY:CI->O           1   0.019   0.000  PWR_3_o_baudrateSig[23]_div_7/Mcompar_o<21>_cy<5> (PWR_3_o_baudrateSig[23]_div_7/Mcompar_o<21>_cy<5>)
     MUXCY:CI->O          17   0.258   1.392  PWR_3_o_baudrateSig[23]_div_7/Mcompar_o<21>_cy<6> (n0101<21>)
     LUT6:I0->O            7   0.203   1.021  PWR_3_o_baudrateSig[23]_div_7/Mmux_a[0]_GND_4_o_MUX_570_o1161 (PWR_3_o_baudrateSig[23]_div_7/a[24]_GND_4_o_MUX_546_o)
     LUT5:I1->O            1   0.203   0.000  PWR_3_o_baudrateSig[23]_div_7/Mcompar_o<20>_lut<2> (PWR_3_o_baudrateSig[23]_div_7/Mcompar_o<20>_lut<2>)
     MUXCY:S->O            1   0.172   0.000  PWR_3_o_baudrateSig[23]_div_7/Mcompar_o<20>_cy<2> (PWR_3_o_baudrateSig[23]_div_7/Mcompar_o<20>_cy<2>)
     MUXCY:CI->O           1   0.019   0.000  PWR_3_o_baudrateSig[23]_div_7/Mcompar_o<20>_cy<3> (PWR_3_o_baudrateSig[23]_div_7/Mcompar_o<20>_cy<3>)
     MUXCY:CI->O           1   0.019   0.000  PWR_3_o_baudrateSig[23]_div_7/Mcompar_o<20>_cy<4> (PWR_3_o_baudrateSig[23]_div_7/Mcompar_o<20>_cy<4>)
     MUXCY:CI->O           1   0.019   0.000  PWR_3_o_baudrateSig[23]_div_7/Mcompar_o<20>_cy<5> (PWR_3_o_baudrateSig[23]_div_7/Mcompar_o<20>_cy<5>)
     MUXCY:CI->O          19   0.258   1.436  PWR_3_o_baudrateSig[23]_div_7/Mcompar_o<20>_cy<6> (n0101<20>)
     LUT6:I0->O            6   0.203   0.992  PWR_3_o_baudrateSig[23]_div_7/Mmux_a[0]_GND_4_o_MUX_658_o1141 (PWR_3_o_baudrateSig[23]_div_7/a[22]_GND_4_o_MUX_636_o)
     LUT4:I0->O            0   0.203   0.000  PWR_3_o_baudrateSig[23]_div_7/Mcompar_o<19>_lutdi1 (PWR_3_o_baudrateSig[23]_div_7/Mcompar_o<19>_lutdi1)
     MUXCY:DI->O           1   0.145   0.000  PWR_3_o_baudrateSig[23]_div_7/Mcompar_o<19>_cy<1> (PWR_3_o_baudrateSig[23]_div_7/Mcompar_o<19>_cy<1>)
     MUXCY:CI->O           1   0.019   0.000  PWR_3_o_baudrateSig[23]_div_7/Mcompar_o<19>_cy<2> (PWR_3_o_baudrateSig[23]_div_7/Mcompar_o<19>_cy<2>)
     MUXCY:CI->O           1   0.019   0.000  PWR_3_o_baudrateSig[23]_div_7/Mcompar_o<19>_cy<3> (PWR_3_o_baudrateSig[23]_div_7/Mcompar_o<19>_cy<3>)
     MUXCY:CI->O           1   0.019   0.000  PWR_3_o_baudrateSig[23]_div_7/Mcompar_o<19>_cy<4> (PWR_3_o_baudrateSig[23]_div_7/Mcompar_o<19>_cy<4>)
     MUXCY:CI->O           1   0.019   0.000  PWR_3_o_baudrateSig[23]_div_7/Mcompar_o<19>_cy<5> (PWR_3_o_baudrateSig[23]_div_7/Mcompar_o<19>_cy<5>)
     MUXCY:CI->O          27   0.258   1.565  PWR_3_o_baudrateSig[23]_div_7/Mcompar_o<19>_cy<6> (n0101<19>)
     LUT5:I0->O            6   0.203   0.992  PWR_3_o_baudrateSig[23]_div_7/Mmux_a[0]_GND_4_o_MUX_744_o1161 (PWR_3_o_baudrateSig[23]_div_7/a[24]_GND_4_o_MUX_720_o)
     LUT5:I1->O            1   0.203   0.000  PWR_3_o_baudrateSig[23]_div_7/Mcompar_o<18>_lut<3> (PWR_3_o_baudrateSig[23]_div_7/Mcompar_o<18>_lut<3>)
     MUXCY:S->O            1   0.172   0.000  PWR_3_o_baudrateSig[23]_div_7/Mcompar_o<18>_cy<3> (PWR_3_o_baudrateSig[23]_div_7/Mcompar_o<18>_cy<3>)
     MUXCY:CI->O           1   0.019   0.000  PWR_3_o_baudrateSig[23]_div_7/Mcompar_o<18>_cy<4> (PWR_3_o_baudrateSig[23]_div_7/Mcompar_o<18>_cy<4>)
     MUXCY:CI->O           1   0.019   0.000  PWR_3_o_baudrateSig[23]_div_7/Mcompar_o<18>_cy<5> (PWR_3_o_baudrateSig[23]_div_7/Mcompar_o<18>_cy<5>)
     MUXCY:CI->O          25   0.258   1.537  PWR_3_o_baudrateSig[23]_div_7/Mcompar_o<18>_cy<6> (n0101<18>)
     LUT5:I0->O            6   0.203   0.973  PWR_3_o_baudrateSig[23]_div_7/Mmux_a[0]_GND_4_o_MUX_828_o1131 (PWR_3_o_baudrateSig[23]_div_7/a[21]_GND_4_o_MUX_807_o)
     LUT4:I1->O            1   0.205   0.000  PWR_3_o_baudrateSig[23]_div_7/Mcompar_o<17>_lut<2> (PWR_3_o_baudrateSig[23]_div_7/Mcompar_o<17>_lut<2>)
     MUXCY:S->O            1   0.172   0.000  PWR_3_o_baudrateSig[23]_div_7/Mcompar_o<17>_cy<2> (PWR_3_o_baudrateSig[23]_div_7/Mcompar_o<17>_cy<2>)
     MUXCY:CI->O           1   0.019   0.000  PWR_3_o_baudrateSig[23]_div_7/Mcompar_o<17>_cy<3> (PWR_3_o_baudrateSig[23]_div_7/Mcompar_o<17>_cy<3>)
     MUXCY:CI->O           1   0.019   0.000  PWR_3_o_baudrateSig[23]_div_7/Mcompar_o<17>_cy<4> (PWR_3_o_baudrateSig[23]_div_7/Mcompar_o<17>_cy<4>)
     MUXCY:CI->O           1   0.019   0.000  PWR_3_o_baudrateSig[23]_div_7/Mcompar_o<17>_cy<5> (PWR_3_o_baudrateSig[23]_div_7/Mcompar_o<17>_cy<5>)
     MUXCY:CI->O           1   0.019   0.000  PWR_3_o_baudrateSig[23]_div_7/Mcompar_o<17>_cy<6> (PWR_3_o_baudrateSig[23]_div_7/Mcompar_o<17>_cy<6>)
     MUXCY:CI->O          32   0.258   1.636  PWR_3_o_baudrateSig[23]_div_7/Mcompar_o<17>_cy<7> (n0101<17>)
     LUT5:I0->O            6   0.203   0.973  PWR_3_o_baudrateSig[23]_div_7/Mmux_a[0]_GND_4_o_MUX_910_o1121 (PWR_3_o_baudrateSig[23]_div_7/a[20]_GND_4_o_MUX_890_o)
     LUT4:I1->O            1   0.205   0.000  PWR_3_o_baudrateSig[23]_div_7/Mcompar_o<16>_lut<2> (PWR_3_o_baudrateSig[23]_div_7/Mcompar_o<16>_lut<2>)
     MUXCY:S->O            1   0.172   0.000  PWR_3_o_baudrateSig[23]_div_7/Mcompar_o<16>_cy<2> (PWR_3_o_baudrateSig[23]_div_7/Mcompar_o<16>_cy<2>)
     MUXCY:CI->O           1   0.019   0.000  PWR_3_o_baudrateSig[23]_div_7/Mcompar_o<16>_cy<3> (PWR_3_o_baudrateSig[23]_div_7/Mcompar_o<16>_cy<3>)
     MUXCY:CI->O           1   0.019   0.000  PWR_3_o_baudrateSig[23]_div_7/Mcompar_o<16>_cy<4> (PWR_3_o_baudrateSig[23]_div_7/Mcompar_o<16>_cy<4>)
     MUXCY:CI->O           1   0.019   0.000  PWR_3_o_baudrateSig[23]_div_7/Mcompar_o<16>_cy<5> (PWR_3_o_baudrateSig[23]_div_7/Mcompar_o<16>_cy<5>)
     MUXCY:CI->O           1   0.019   0.000  PWR_3_o_baudrateSig[23]_div_7/Mcompar_o<16>_cy<6> (PWR_3_o_baudrateSig[23]_div_7/Mcompar_o<16>_cy<6>)
     MUXCY:CI->O          42   0.258   1.798  PWR_3_o_baudrateSig[23]_div_7/Mcompar_o<16>_cy<7> (n0101<16>)
     LUT6:I0->O            2   0.203   0.864  PWR_3_o_baudrateSig[23]_div_7/Mmux_a[0]_GND_4_o_MUX_990_o191 (PWR_3_o_baudrateSig[23]_div_7/a[18]_GND_4_o_MUX_972_o)
     LUT4:I0->O            0   0.203   0.000  PWR_3_o_baudrateSig[23]_div_7/Mcompar_o<15>_lutdi1 (PWR_3_o_baudrateSig[23]_div_7/Mcompar_o<15>_lutdi1)
     MUXCY:DI->O           1   0.145   0.000  PWR_3_o_baudrateSig[23]_div_7/Mcompar_o<15>_cy<1> (PWR_3_o_baudrateSig[23]_div_7/Mcompar_o<15>_cy<1>)
     MUXCY:CI->O           1   0.019   0.000  PWR_3_o_baudrateSig[23]_div_7/Mcompar_o<15>_cy<2> (PWR_3_o_baudrateSig[23]_div_7/Mcompar_o<15>_cy<2>)
     MUXCY:CI->O           1   0.019   0.000  PWR_3_o_baudrateSig[23]_div_7/Mcompar_o<15>_cy<3> (PWR_3_o_baudrateSig[23]_div_7/Mcompar_o<15>_cy<3>)
     MUXCY:CI->O           1   0.019   0.000  PWR_3_o_baudrateSig[23]_div_7/Mcompar_o<15>_cy<4> (PWR_3_o_baudrateSig[23]_div_7/Mcompar_o<15>_cy<4>)
     MUXCY:CI->O           1   0.019   0.000  PWR_3_o_baudrateSig[23]_div_7/Mcompar_o<15>_cy<5> (PWR_3_o_baudrateSig[23]_div_7/Mcompar_o<15>_cy<5>)
     MUXCY:CI->O           1   0.019   0.000  PWR_3_o_baudrateSig[23]_div_7/Mcompar_o<15>_cy<6> (PWR_3_o_baudrateSig[23]_div_7/Mcompar_o<15>_cy<6>)
     MUXCY:CI->O          27   0.258   1.585  PWR_3_o_baudrateSig[23]_div_7/Mcompar_o<15>_cy<7> (n0101<15>)
     LUT6:I0->O            6   0.203   0.992  PWR_3_o_baudrateSig[23]_div_7/Mmux_a[0]_GND_4_o_MUX_1068_o181 (PWR_3_o_baudrateSig[23]_div_7/a[17]_GND_4_o_MUX_1051_o)
     LUT4:I0->O            0   0.203   0.000  PWR_3_o_baudrateSig[23]_div_7/Mcompar_o<14>_lutdi1 (PWR_3_o_baudrateSig[23]_div_7/Mcompar_o<14>_lutdi1)
     MUXCY:DI->O           1   0.145   0.000  PWR_3_o_baudrateSig[23]_div_7/Mcompar_o<14>_cy<1> (PWR_3_o_baudrateSig[23]_div_7/Mcompar_o<14>_cy<1>)
     MUXCY:CI->O           1   0.019   0.000  PWR_3_o_baudrateSig[23]_div_7/Mcompar_o<14>_cy<2> (PWR_3_o_baudrateSig[23]_div_7/Mcompar_o<14>_cy<2>)
     MUXCY:CI->O           1   0.019   0.000  PWR_3_o_baudrateSig[23]_div_7/Mcompar_o<14>_cy<3> (PWR_3_o_baudrateSig[23]_div_7/Mcompar_o<14>_cy<3>)
     MUXCY:CI->O           1   0.019   0.000  PWR_3_o_baudrateSig[23]_div_7/Mcompar_o<14>_cy<4> (PWR_3_o_baudrateSig[23]_div_7/Mcompar_o<14>_cy<4>)
     MUXCY:CI->O           1   0.019   0.000  PWR_3_o_baudrateSig[23]_div_7/Mcompar_o<14>_cy<5> (PWR_3_o_baudrateSig[23]_div_7/Mcompar_o<14>_cy<5>)
     MUXCY:CI->O           1   0.019   0.000  PWR_3_o_baudrateSig[23]_div_7/Mcompar_o<14>_cy<6> (PWR_3_o_baudrateSig[23]_div_7/Mcompar_o<14>_cy<6>)
     MUXCY:CI->O           1   0.019   0.000  PWR_3_o_baudrateSig[23]_div_7/Mcompar_o<14>_cy<7> (PWR_3_o_baudrateSig[23]_div_7/Mcompar_o<14>_cy<7>)
     MUXCY:CI->O          49   0.258   1.898  PWR_3_o_baudrateSig[23]_div_7/Mcompar_o<14>_cy<8> (n0101<14>)
     LUT6:I0->O            2   0.203   0.864  PWR_3_o_baudrateSig[23]_div_7/Mmux_a[0]_GND_4_o_MUX_1144_o171 (PWR_3_o_baudrateSig[23]_div_7/a[16]_GND_4_o_MUX_1128_o)
     LUT4:I0->O            0   0.203   0.000  PWR_3_o_baudrateSig[23]_div_7/Mcompar_o<13>_lutdi1 (PWR_3_o_baudrateSig[23]_div_7/Mcompar_o<13>_lutdi1)
     MUXCY:DI->O           1   0.145   0.000  PWR_3_o_baudrateSig[23]_div_7/Mcompar_o<13>_cy<1> (PWR_3_o_baudrateSig[23]_div_7/Mcompar_o<13>_cy<1>)
     MUXCY:CI->O           1   0.019   0.000  PWR_3_o_baudrateSig[23]_div_7/Mcompar_o<13>_cy<2> (PWR_3_o_baudrateSig[23]_div_7/Mcompar_o<13>_cy<2>)
     MUXCY:CI->O           1   0.019   0.000  PWR_3_o_baudrateSig[23]_div_7/Mcompar_o<13>_cy<3> (PWR_3_o_baudrateSig[23]_div_7/Mcompar_o<13>_cy<3>)
     MUXCY:CI->O           1   0.019   0.000  PWR_3_o_baudrateSig[23]_div_7/Mcompar_o<13>_cy<4> (PWR_3_o_baudrateSig[23]_div_7/Mcompar_o<13>_cy<4>)
     MUXCY:CI->O           1   0.019   0.000  PWR_3_o_baudrateSig[23]_div_7/Mcompar_o<13>_cy<5> (PWR_3_o_baudrateSig[23]_div_7/Mcompar_o<13>_cy<5>)
     MUXCY:CI->O           1   0.019   0.000  PWR_3_o_baudrateSig[23]_div_7/Mcompar_o<13>_cy<6> (PWR_3_o_baudrateSig[23]_div_7/Mcompar_o<13>_cy<6>)
     MUXCY:CI->O           1   0.019   0.000  PWR_3_o_baudrateSig[23]_div_7/Mcompar_o<13>_cy<7> (PWR_3_o_baudrateSig[23]_div_7/Mcompar_o<13>_cy<7>)
     MUXCY:CI->O          33   0.258   1.650  PWR_3_o_baudrateSig[23]_div_7/Mcompar_o<13>_cy<8> (n0101<13>)
     LUT5:I0->O            6   0.203   0.973  PWR_3_o_baudrateSig[23]_div_7/Mmux_a[0]_GND_4_o_MUX_1218_o171 (PWR_3_o_baudrateSig[23]_div_7/a[16]_GND_4_o_MUX_1202_o)
     LUT4:I1->O            1   0.205   0.000  PWR_3_o_baudrateSig[23]_div_7/Mcompar_o<12>_lut<2> (PWR_3_o_baudrateSig[23]_div_7/Mcompar_o<12>_lut<2>)
     MUXCY:S->O            1   0.172   0.000  PWR_3_o_baudrateSig[23]_div_7/Mcompar_o<12>_cy<2> (PWR_3_o_baudrateSig[23]_div_7/Mcompar_o<12>_cy<2>)
     MUXCY:CI->O           1   0.019   0.000  PWR_3_o_baudrateSig[23]_div_7/Mcompar_o<12>_cy<3> (PWR_3_o_baudrateSig[23]_div_7/Mcompar_o<12>_cy<3>)
     MUXCY:CI->O           1   0.019   0.000  PWR_3_o_baudrateSig[23]_div_7/Mcompar_o<12>_cy<4> (PWR_3_o_baudrateSig[23]_div_7/Mcompar_o<12>_cy<4>)
     MUXCY:CI->O           1   0.019   0.000  PWR_3_o_baudrateSig[23]_div_7/Mcompar_o<12>_cy<5> (PWR_3_o_baudrateSig[23]_div_7/Mcompar_o<12>_cy<5>)
     MUXCY:CI->O           1   0.019   0.000  PWR_3_o_baudrateSig[23]_div_7/Mcompar_o<12>_cy<6> (PWR_3_o_baudrateSig[23]_div_7/Mcompar_o<12>_cy<6>)
     MUXCY:CI->O           1   0.019   0.000  PWR_3_o_baudrateSig[23]_div_7/Mcompar_o<12>_cy<7> (PWR_3_o_baudrateSig[23]_div_7/Mcompar_o<12>_cy<7>)
     MUXCY:CI->O          55   0.258   1.925  PWR_3_o_baudrateSig[23]_div_7/Mcompar_o<12>_cy<8> (n0101<12>)
     LUT5:I0->O            6   0.203   0.973  PWR_3_o_baudrateSig[23]_div_7/Mmux_a[0]_GND_4_o_MUX_1290_o161 (PWR_3_o_baudrateSig[23]_div_7/a[15]_GND_4_o_MUX_1275_o)
     LUT4:I1->O            1   0.205   0.000  PWR_3_o_baudrateSig[23]_div_7/Mcompar_o<11>_lut<2> (PWR_3_o_baudrateSig[23]_div_7/Mcompar_o<11>_lut<2>)
     MUXCY:S->O            1   0.172   0.000  PWR_3_o_baudrateSig[23]_div_7/Mcompar_o<11>_cy<2> (PWR_3_o_baudrateSig[23]_div_7/Mcompar_o<11>_cy<2>)
     MUXCY:CI->O           1   0.019   0.000  PWR_3_o_baudrateSig[23]_div_7/Mcompar_o<11>_cy<3> (PWR_3_o_baudrateSig[23]_div_7/Mcompar_o<11>_cy<3>)
     MUXCY:CI->O           1   0.019   0.000  PWR_3_o_baudrateSig[23]_div_7/Mcompar_o<11>_cy<4> (PWR_3_o_baudrateSig[23]_div_7/Mcompar_o<11>_cy<4>)
     MUXCY:CI->O           1   0.019   0.000  PWR_3_o_baudrateSig[23]_div_7/Mcompar_o<11>_cy<5> (PWR_3_o_baudrateSig[23]_div_7/Mcompar_o<11>_cy<5>)
     MUXCY:CI->O           1   0.019   0.000  PWR_3_o_baudrateSig[23]_div_7/Mcompar_o<11>_cy<6> (PWR_3_o_baudrateSig[23]_div_7/Mcompar_o<11>_cy<6>)
     MUXCY:CI->O           1   0.019   0.000  PWR_3_o_baudrateSig[23]_div_7/Mcompar_o<11>_cy<7> (PWR_3_o_baudrateSig[23]_div_7/Mcompar_o<11>_cy<7>)
     MUXCY:CI->O           1   0.019   0.000  PWR_3_o_baudrateSig[23]_div_7/Mcompar_o<11>_cy<8> (PWR_3_o_baudrateSig[23]_div_7/Mcompar_o<11>_cy<8>)
     MUXCY:CI->O          39   0.258   1.736  PWR_3_o_baudrateSig[23]_div_7/Mcompar_o<11>_cy<9> (n0101<11>)
     LUT5:I0->O            6   0.203   0.973  PWR_3_o_baudrateSig[23]_div_7/Mmux_a[0]_GND_4_o_MUX_1360_o151 (PWR_3_o_baudrateSig[23]_div_7/a[14]_GND_4_o_MUX_1346_o)
     LUT4:I1->O            1   0.205   0.000  PWR_3_o_baudrateSig[23]_div_7/Mcompar_o<10>_lut<2> (PWR_3_o_baudrateSig[23]_div_7/Mcompar_o<10>_lut<2>)
     MUXCY:S->O            1   0.172   0.000  PWR_3_o_baudrateSig[23]_div_7/Mcompar_o<10>_cy<2> (PWR_3_o_baudrateSig[23]_div_7/Mcompar_o<10>_cy<2>)
     MUXCY:CI->O           1   0.019   0.000  PWR_3_o_baudrateSig[23]_div_7/Mcompar_o<10>_cy<3> (PWR_3_o_baudrateSig[23]_div_7/Mcompar_o<10>_cy<3>)
     MUXCY:CI->O           1   0.019   0.000  PWR_3_o_baudrateSig[23]_div_7/Mcompar_o<10>_cy<4> (PWR_3_o_baudrateSig[23]_div_7/Mcompar_o<10>_cy<4>)
     MUXCY:CI->O           1   0.019   0.000  PWR_3_o_baudrateSig[23]_div_7/Mcompar_o<10>_cy<5> (PWR_3_o_baudrateSig[23]_div_7/Mcompar_o<10>_cy<5>)
     MUXCY:CI->O           1   0.019   0.000  PWR_3_o_baudrateSig[23]_div_7/Mcompar_o<10>_cy<6> (PWR_3_o_baudrateSig[23]_div_7/Mcompar_o<10>_cy<6>)
     MUXCY:CI->O           1   0.019   0.000  PWR_3_o_baudrateSig[23]_div_7/Mcompar_o<10>_cy<7> (PWR_3_o_baudrateSig[23]_div_7/Mcompar_o<10>_cy<7>)
     MUXCY:CI->O           1   0.019   0.000  PWR_3_o_baudrateSig[23]_div_7/Mcompar_o<10>_cy<8> (PWR_3_o_baudrateSig[23]_div_7/Mcompar_o<10>_cy<8>)
     MUXCY:CI->O          61   0.258   1.965  PWR_3_o_baudrateSig[23]_div_7/Mcompar_o<10>_cy<9> (n0101<10>)
     LUT5:I0->O            6   0.203   0.973  PWR_3_o_baudrateSig[23]_div_7/Mmux_a[0]_GND_4_o_MUX_1428_o141 (PWR_3_o_baudrateSig[23]_div_7/a[13]_GND_4_o_MUX_1415_o)
     LUT4:I1->O            1   0.205   0.000  PWR_3_o_baudrateSig[23]_div_7/Mcompar_o<9>_lut<2> (PWR_3_o_baudrateSig[23]_div_7/Mcompar_o<9>_lut<2>)
     MUXCY:S->O            1   0.172   0.000  PWR_3_o_baudrateSig[23]_div_7/Mcompar_o<9>_cy<2> (PWR_3_o_baudrateSig[23]_div_7/Mcompar_o<9>_cy<2>)
     MUXCY:CI->O           1   0.019   0.000  PWR_3_o_baudrateSig[23]_div_7/Mcompar_o<9>_cy<3> (PWR_3_o_baudrateSig[23]_div_7/Mcompar_o<9>_cy<3>)
     MUXCY:CI->O           1   0.019   0.000  PWR_3_o_baudrateSig[23]_div_7/Mcompar_o<9>_cy<4> (PWR_3_o_baudrateSig[23]_div_7/Mcompar_o<9>_cy<4>)
     MUXCY:CI->O           1   0.019   0.000  PWR_3_o_baudrateSig[23]_div_7/Mcompar_o<9>_cy<5> (PWR_3_o_baudrateSig[23]_div_7/Mcompar_o<9>_cy<5>)
     MUXCY:CI->O           1   0.019   0.000  PWR_3_o_baudrateSig[23]_div_7/Mcompar_o<9>_cy<6> (PWR_3_o_baudrateSig[23]_div_7/Mcompar_o<9>_cy<6>)
     MUXCY:CI->O           1   0.019   0.000  PWR_3_o_baudrateSig[23]_div_7/Mcompar_o<9>_cy<7> (PWR_3_o_baudrateSig[23]_div_7/Mcompar_o<9>_cy<7>)
     MUXCY:CI->O           1   0.019   0.000  PWR_3_o_baudrateSig[23]_div_7/Mcompar_o<9>_cy<8> (PWR_3_o_baudrateSig[23]_div_7/Mcompar_o<9>_cy<8>)
     MUXCY:CI->O          45   0.258   1.821  PWR_3_o_baudrateSig[23]_div_7/Mcompar_o<9>_cy<9> (n0101<9>)
     LUT5:I0->O            6   0.203   0.973  PWR_3_o_baudrateSig[23]_div_7/Mmux_a[0]_GND_4_o_MUX_1494_o131 (PWR_3_o_baudrateSig[23]_div_7/a[12]_GND_4_o_MUX_1482_o)
     LUT4:I1->O            1   0.205   0.000  PWR_3_o_baudrateSig[23]_div_7/Mcompar_o<8>_lut<2> (PWR_3_o_baudrateSig[23]_div_7/Mcompar_o<8>_lut<2>)
     MUXCY:S->O            1   0.172   0.000  PWR_3_o_baudrateSig[23]_div_7/Mcompar_o<8>_cy<2> (PWR_3_o_baudrateSig[23]_div_7/Mcompar_o<8>_cy<2>)
     MUXCY:CI->O           1   0.019   0.000  PWR_3_o_baudrateSig[23]_div_7/Mcompar_o<8>_cy<3> (PWR_3_o_baudrateSig[23]_div_7/Mcompar_o<8>_cy<3>)
     MUXCY:CI->O           1   0.019   0.000  PWR_3_o_baudrateSig[23]_div_7/Mcompar_o<8>_cy<4> (PWR_3_o_baudrateSig[23]_div_7/Mcompar_o<8>_cy<4>)
     MUXCY:CI->O           1   0.019   0.000  PWR_3_o_baudrateSig[23]_div_7/Mcompar_o<8>_cy<5> (PWR_3_o_baudrateSig[23]_div_7/Mcompar_o<8>_cy<5>)
     MUXCY:CI->O           1   0.019   0.000  PWR_3_o_baudrateSig[23]_div_7/Mcompar_o<8>_cy<6> (PWR_3_o_baudrateSig[23]_div_7/Mcompar_o<8>_cy<6>)
     MUXCY:CI->O           1   0.019   0.000  PWR_3_o_baudrateSig[23]_div_7/Mcompar_o<8>_cy<7> (PWR_3_o_baudrateSig[23]_div_7/Mcompar_o<8>_cy<7>)
     MUXCY:CI->O           1   0.019   0.000  PWR_3_o_baudrateSig[23]_div_7/Mcompar_o<8>_cy<8> (PWR_3_o_baudrateSig[23]_div_7/Mcompar_o<8>_cy<8>)
     MUXCY:CI->O          67   0.258   2.004  PWR_3_o_baudrateSig[23]_div_7/Mcompar_o<8>_cy<9> (n0101<8>)
     LUT5:I0->O            6   0.203   0.973  PWR_3_o_baudrateSig[23]_div_7/Mmux_a[0]_GND_4_o_MUX_1558_o121 (PWR_3_o_baudrateSig[23]_div_7/a[11]_GND_4_o_MUX_1547_o)
     LUT4:I1->O            1   0.205   0.000  PWR_3_o_baudrateSig[23]_div_7/Mcompar_o<7>_lut<2> (PWR_3_o_baudrateSig[23]_div_7/Mcompar_o<7>_lut<2>)
     MUXCY:S->O            1   0.172   0.000  PWR_3_o_baudrateSig[23]_div_7/Mcompar_o<7>_cy<2> (PWR_3_o_baudrateSig[23]_div_7/Mcompar_o<7>_cy<2>)
     MUXCY:CI->O           1   0.019   0.000  PWR_3_o_baudrateSig[23]_div_7/Mcompar_o<7>_cy<3> (PWR_3_o_baudrateSig[23]_div_7/Mcompar_o<7>_cy<3>)
     MUXCY:CI->O           1   0.019   0.000  PWR_3_o_baudrateSig[23]_div_7/Mcompar_o<7>_cy<4> (PWR_3_o_baudrateSig[23]_div_7/Mcompar_o<7>_cy<4>)
     MUXCY:CI->O           1   0.019   0.000  PWR_3_o_baudrateSig[23]_div_7/Mcompar_o<7>_cy<5> (PWR_3_o_baudrateSig[23]_div_7/Mcompar_o<7>_cy<5>)
     MUXCY:CI->O           1   0.019   0.000  PWR_3_o_baudrateSig[23]_div_7/Mcompar_o<7>_cy<6> (PWR_3_o_baudrateSig[23]_div_7/Mcompar_o<7>_cy<6>)
     MUXCY:CI->O           1   0.019   0.000  PWR_3_o_baudrateSig[23]_div_7/Mcompar_o<7>_cy<7> (PWR_3_o_baudrateSig[23]_div_7/Mcompar_o<7>_cy<7>)
     MUXCY:CI->O           1   0.019   0.000  PWR_3_o_baudrateSig[23]_div_7/Mcompar_o<7>_cy<8> (PWR_3_o_baudrateSig[23]_div_7/Mcompar_o<7>_cy<8>)
     MUXCY:CI->O           1   0.019   0.000  PWR_3_o_baudrateSig[23]_div_7/Mcompar_o<7>_cy<9> (PWR_3_o_baudrateSig[23]_div_7/Mcompar_o<7>_cy<9>)
     MUXCY:CI->O          51   0.258   1.899  PWR_3_o_baudrateSig[23]_div_7/Mcompar_o<7>_cy<10> (n0101<7>)
     LUT5:I0->O            6   0.203   0.973  PWR_3_o_baudrateSig[23]_div_7/Mmux_a[0]_GND_4_o_MUX_1620_o111 (PWR_3_o_baudrateSig[23]_div_7/a[10]_GND_4_o_MUX_1610_o)
     LUT4:I1->O            1   0.205   0.000  PWR_3_o_baudrateSig[23]_div_7/Mcompar_o<6>_lut<2> (PWR_3_o_baudrateSig[23]_div_7/Mcompar_o<6>_lut<2>)
     MUXCY:S->O            1   0.172   0.000  PWR_3_o_baudrateSig[23]_div_7/Mcompar_o<6>_cy<2> (PWR_3_o_baudrateSig[23]_div_7/Mcompar_o<6>_cy<2>)
     MUXCY:CI->O           1   0.019   0.000  PWR_3_o_baudrateSig[23]_div_7/Mcompar_o<6>_cy<3> (PWR_3_o_baudrateSig[23]_div_7/Mcompar_o<6>_cy<3>)
     MUXCY:CI->O           1   0.019   0.000  PWR_3_o_baudrateSig[23]_div_7/Mcompar_o<6>_cy<4> (PWR_3_o_baudrateSig[23]_div_7/Mcompar_o<6>_cy<4>)
     MUXCY:CI->O           1   0.019   0.000  PWR_3_o_baudrateSig[23]_div_7/Mcompar_o<6>_cy<5> (PWR_3_o_baudrateSig[23]_div_7/Mcompar_o<6>_cy<5>)
     MUXCY:CI->O           1   0.019   0.000  PWR_3_o_baudrateSig[23]_div_7/Mcompar_o<6>_cy<6> (PWR_3_o_baudrateSig[23]_div_7/Mcompar_o<6>_cy<6>)
     MUXCY:CI->O           1   0.019   0.000  PWR_3_o_baudrateSig[23]_div_7/Mcompar_o<6>_cy<7> (PWR_3_o_baudrateSig[23]_div_7/Mcompar_o<6>_cy<7>)
     MUXCY:CI->O           1   0.019   0.000  PWR_3_o_baudrateSig[23]_div_7/Mcompar_o<6>_cy<8> (PWR_3_o_baudrateSig[23]_div_7/Mcompar_o<6>_cy<8>)
     MUXCY:CI->O           1   0.019   0.000  PWR_3_o_baudrateSig[23]_div_7/Mcompar_o<6>_cy<9> (PWR_3_o_baudrateSig[23]_div_7/Mcompar_o<6>_cy<9>)
     MUXCY:CI->O          73   0.258   2.044  PWR_3_o_baudrateSig[23]_div_7/Mcompar_o<6>_cy<10> (n0101<6>)
     LUT5:I0->O            6   0.203   0.973  PWR_3_o_baudrateSig[23]_div_7/Mmux_a[0]_GND_4_o_MUX_1680_o1251 (PWR_3_o_baudrateSig[23]_div_7/a[9]_GND_4_o_MUX_1671_o)
     LUT4:I1->O            1   0.205   0.000  PWR_3_o_baudrateSig[23]_div_7/Mcompar_o<5>_lut<2> (PWR_3_o_baudrateSig[23]_div_7/Mcompar_o<5>_lut<2>)
     MUXCY:S->O            1   0.172   0.000  PWR_3_o_baudrateSig[23]_div_7/Mcompar_o<5>_cy<2> (PWR_3_o_baudrateSig[23]_div_7/Mcompar_o<5>_cy<2>)
     MUXCY:CI->O           1   0.019   0.000  PWR_3_o_baudrateSig[23]_div_7/Mcompar_o<5>_cy<3> (PWR_3_o_baudrateSig[23]_div_7/Mcompar_o<5>_cy<3>)
     MUXCY:CI->O           1   0.019   0.000  PWR_3_o_baudrateSig[23]_div_7/Mcompar_o<5>_cy<4> (PWR_3_o_baudrateSig[23]_div_7/Mcompar_o<5>_cy<4>)
     MUXCY:CI->O           1   0.019   0.000  PWR_3_o_baudrateSig[23]_div_7/Mcompar_o<5>_cy<5> (PWR_3_o_baudrateSig[23]_div_7/Mcompar_o<5>_cy<5>)
     MUXCY:CI->O           1   0.019   0.000  PWR_3_o_baudrateSig[23]_div_7/Mcompar_o<5>_cy<6> (PWR_3_o_baudrateSig[23]_div_7/Mcompar_o<5>_cy<6>)
     MUXCY:CI->O           1   0.019   0.000  PWR_3_o_baudrateSig[23]_div_7/Mcompar_o<5>_cy<7> (PWR_3_o_baudrateSig[23]_div_7/Mcompar_o<5>_cy<7>)
     MUXCY:CI->O           1   0.019   0.000  PWR_3_o_baudrateSig[23]_div_7/Mcompar_o<5>_cy<8> (PWR_3_o_baudrateSig[23]_div_7/Mcompar_o<5>_cy<8>)
     MUXCY:CI->O           1   0.213   0.580  PWR_3_o_baudrateSig[23]_div_7/Mcompar_o<5>_cy<9> (PWR_3_o_baudrateSig[23]_div_7/Mcompar_o<5>_cy<9>)
     LUT6:I5->O           56   0.205   1.932  PWR_3_o_baudrateSig[23]_div_7/Mcompar_o<5>_cy<10> (n0101<5>)
     LUT5:I0->O            5   0.203   0.943  PWR_3_o_baudrateSig[23]_div_7/Mmux_a[0]_GND_4_o_MUX_1738_o1241 (PWR_3_o_baudrateSig[23]_div_7/a[8]_GND_4_o_MUX_1730_o)
     LUT4:I1->O            1   0.205   0.000  PWR_3_o_baudrateSig[23]_div_7/Mcompar_o<4>_lut<2> (PWR_3_o_baudrateSig[23]_div_7/Mcompar_o<4>_lut<2>)
     MUXCY:S->O            1   0.172   0.000  PWR_3_o_baudrateSig[23]_div_7/Mcompar_o<4>_cy<2> (PWR_3_o_baudrateSig[23]_div_7/Mcompar_o<4>_cy<2>)
     MUXCY:CI->O           1   0.019   0.000  PWR_3_o_baudrateSig[23]_div_7/Mcompar_o<4>_cy<3> (PWR_3_o_baudrateSig[23]_div_7/Mcompar_o<4>_cy<3>)
     MUXCY:CI->O           1   0.019   0.000  PWR_3_o_baudrateSig[23]_div_7/Mcompar_o<4>_cy<4> (PWR_3_o_baudrateSig[23]_div_7/Mcompar_o<4>_cy<4>)
     MUXCY:CI->O           1   0.019   0.000  PWR_3_o_baudrateSig[23]_div_7/Mcompar_o<4>_cy<5> (PWR_3_o_baudrateSig[23]_div_7/Mcompar_o<4>_cy<5>)
     MUXCY:CI->O           1   0.019   0.000  PWR_3_o_baudrateSig[23]_div_7/Mcompar_o<4>_cy<6> (PWR_3_o_baudrateSig[23]_div_7/Mcompar_o<4>_cy<6>)
     MUXCY:CI->O           1   0.019   0.000  PWR_3_o_baudrateSig[23]_div_7/Mcompar_o<4>_cy<7> (PWR_3_o_baudrateSig[23]_div_7/Mcompar_o<4>_cy<7>)
     MUXCY:CI->O           1   0.019   0.000  PWR_3_o_baudrateSig[23]_div_7/Mcompar_o<4>_cy<8> (PWR_3_o_baudrateSig[23]_div_7/Mcompar_o<4>_cy<8>)
     MUXCY:CI->O           1   0.019   0.000  PWR_3_o_baudrateSig[23]_div_7/Mcompar_o<4>_cy<9> (PWR_3_o_baudrateSig[23]_div_7/Mcompar_o<4>_cy<9>)
     MUXCY:CI->O           1   0.019   0.000  PWR_3_o_baudrateSig[23]_div_7/Mcompar_o<4>_cy<10> (PWR_3_o_baudrateSig[23]_div_7/Mcompar_o<4>_cy<10>)
     MUXCY:CI->O          62   0.258   1.971  PWR_3_o_baudrateSig[23]_div_7/Mcompar_o<4>_cy<11> (n0101<4>)
     LUT5:I0->O            5   0.203   0.943  PWR_3_o_baudrateSig[23]_div_7/Mmux_a[0]_GND_4_o_MUX_1794_o1231 (PWR_3_o_baudrateSig[23]_div_7/a[7]_GND_4_o_MUX_1787_o)
     LUT4:I1->O            1   0.205   0.000  PWR_3_o_baudrateSig[23]_div_7/Mcompar_o<3>_lut<2> (PWR_3_o_baudrateSig[23]_div_7/Mcompar_o<3>_lut<2>)
     MUXCY:S->O            1   0.172   0.000  PWR_3_o_baudrateSig[23]_div_7/Mcompar_o<3>_cy<2> (PWR_3_o_baudrateSig[23]_div_7/Mcompar_o<3>_cy<2>)
     MUXCY:CI->O           1   0.019   0.000  PWR_3_o_baudrateSig[23]_div_7/Mcompar_o<3>_cy<3> (PWR_3_o_baudrateSig[23]_div_7/Mcompar_o<3>_cy<3>)
     MUXCY:CI->O           1   0.019   0.000  PWR_3_o_baudrateSig[23]_div_7/Mcompar_o<3>_cy<4> (PWR_3_o_baudrateSig[23]_div_7/Mcompar_o<3>_cy<4>)
     MUXCY:CI->O           1   0.019   0.000  PWR_3_o_baudrateSig[23]_div_7/Mcompar_o<3>_cy<5> (PWR_3_o_baudrateSig[23]_div_7/Mcompar_o<3>_cy<5>)
     MUXCY:CI->O           1   0.019   0.000  PWR_3_o_baudrateSig[23]_div_7/Mcompar_o<3>_cy<6> (PWR_3_o_baudrateSig[23]_div_7/Mcompar_o<3>_cy<6>)
     MUXCY:CI->O           1   0.019   0.000  PWR_3_o_baudrateSig[23]_div_7/Mcompar_o<3>_cy<7> (PWR_3_o_baudrateSig[23]_div_7/Mcompar_o<3>_cy<7>)
     MUXCY:CI->O           1   0.019   0.000  PWR_3_o_baudrateSig[23]_div_7/Mcompar_o<3>_cy<8> (PWR_3_o_baudrateSig[23]_div_7/Mcompar_o<3>_cy<8>)
     MUXCY:CI->O           1   0.019   0.000  PWR_3_o_baudrateSig[23]_div_7/Mcompar_o<3>_cy<9> (PWR_3_o_baudrateSig[23]_div_7/Mcompar_o<3>_cy<9>)
     MUXCY:CI->O          25   0.213   1.421  PWR_3_o_baudrateSig[23]_div_7/Mcompar_o<3>_cy<10> (PWR_3_o_baudrateSig[23]_div_7/Mcompar_o<3>_cy<10>)
     LUT5:I2->O            2   0.205   0.864  PWR_3_o_baudrateSig[23]_div_7/Mmux_n2319201 (PWR_3_o_baudrateSig[23]_div_7/n2319<3>)
     LUT4:I0->O            0   0.203   0.000  PWR_3_o_baudrateSig[23]_div_7/Mcompar_o<2>_lutdi (PWR_3_o_baudrateSig[23]_div_7/Mcompar_o<2>_lutdi)
     MUXCY:DI->O           1   0.145   0.000  PWR_3_o_baudrateSig[23]_div_7/Mcompar_o<2>_cy<0> (PWR_3_o_baudrateSig[23]_div_7/Mcompar_o<2>_cy<0>)
     MUXCY:CI->O           1   0.019   0.000  PWR_3_o_baudrateSig[23]_div_7/Mcompar_o<2>_cy<1> (PWR_3_o_baudrateSig[23]_div_7/Mcompar_o<2>_cy<1>)
     MUXCY:CI->O           1   0.019   0.000  PWR_3_o_baudrateSig[23]_div_7/Mcompar_o<2>_cy<2> (PWR_3_o_baudrateSig[23]_div_7/Mcompar_o<2>_cy<2>)
     MUXCY:CI->O           1   0.019   0.000  PWR_3_o_baudrateSig[23]_div_7/Mcompar_o<2>_cy<3> (PWR_3_o_baudrateSig[23]_div_7/Mcompar_o<2>_cy<3>)
     MUXCY:CI->O           1   0.019   0.000  PWR_3_o_baudrateSig[23]_div_7/Mcompar_o<2>_cy<4> (PWR_3_o_baudrateSig[23]_div_7/Mcompar_o<2>_cy<4>)
     MUXCY:CI->O           1   0.019   0.000  PWR_3_o_baudrateSig[23]_div_7/Mcompar_o<2>_cy<5> (PWR_3_o_baudrateSig[23]_div_7/Mcompar_o<2>_cy<5>)
     MUXCY:CI->O           1   0.019   0.000  PWR_3_o_baudrateSig[23]_div_7/Mcompar_o<2>_cy<6> (PWR_3_o_baudrateSig[23]_div_7/Mcompar_o<2>_cy<6>)
     MUXCY:CI->O           1   0.019   0.000  PWR_3_o_baudrateSig[23]_div_7/Mcompar_o<2>_cy<7> (PWR_3_o_baudrateSig[23]_div_7/Mcompar_o<2>_cy<7>)
     MUXCY:CI->O           1   0.019   0.000  PWR_3_o_baudrateSig[23]_div_7/Mcompar_o<2>_cy<8> (PWR_3_o_baudrateSig[23]_div_7/Mcompar_o<2>_cy<8>)
     MUXCY:CI->O           1   0.019   0.000  PWR_3_o_baudrateSig[23]_div_7/Mcompar_o<2>_cy<9> (PWR_3_o_baudrateSig[23]_div_7/Mcompar_o<2>_cy<9>)
     MUXCY:CI->O           2   0.213   0.617  PWR_3_o_baudrateSig[23]_div_7/Mcompar_o<2>_cy<10> (PWR_3_o_baudrateSig[23]_div_7/Mcompar_o<2>_cy<10>)
     LUT5:I4->O           24   0.205   1.537  PWR_3_o_baudrateSig[23]_div_7/Mcompar_o<2>_cy<11> (n0101<2>)
     LUT6:I0->O            2   0.203   0.864  PWR_3_o_baudrateSig[23]_div_7/Mmux_n2323211 (PWR_3_o_baudrateSig[23]_div_7/n2323<4>)
     LUT4:I0->O            0   0.203   0.000  PWR_3_o_baudrateSig[23]_div_7/Mcompar_o<1>_lutdi1 (PWR_3_o_baudrateSig[23]_div_7/Mcompar_o<1>_lutdi1)
     MUXCY:DI->O           1   0.145   0.000  PWR_3_o_baudrateSig[23]_div_7/Mcompar_o<1>_cy<1> (PWR_3_o_baudrateSig[23]_div_7/Mcompar_o<1>_cy<1>)
     MUXCY:CI->O           1   0.019   0.000  PWR_3_o_baudrateSig[23]_div_7/Mcompar_o<1>_cy<2> (PWR_3_o_baudrateSig[23]_div_7/Mcompar_o<1>_cy<2>)
     MUXCY:CI->O           1   0.019   0.000  PWR_3_o_baudrateSig[23]_div_7/Mcompar_o<1>_cy<3> (PWR_3_o_baudrateSig[23]_div_7/Mcompar_o<1>_cy<3>)
     MUXCY:CI->O           1   0.019   0.000  PWR_3_o_baudrateSig[23]_div_7/Mcompar_o<1>_cy<4> (PWR_3_o_baudrateSig[23]_div_7/Mcompar_o<1>_cy<4>)
     MUXCY:CI->O           1   0.019   0.000  PWR_3_o_baudrateSig[23]_div_7/Mcompar_o<1>_cy<5> (PWR_3_o_baudrateSig[23]_div_7/Mcompar_o<1>_cy<5>)
     MUXCY:CI->O           1   0.019   0.000  PWR_3_o_baudrateSig[23]_div_7/Mcompar_o<1>_cy<6> (PWR_3_o_baudrateSig[23]_div_7/Mcompar_o<1>_cy<6>)
     MUXCY:CI->O           1   0.019   0.000  PWR_3_o_baudrateSig[23]_div_7/Mcompar_o<1>_cy<7> (PWR_3_o_baudrateSig[23]_div_7/Mcompar_o<1>_cy<7>)
     MUXCY:CI->O           1   0.019   0.000  PWR_3_o_baudrateSig[23]_div_7/Mcompar_o<1>_cy<8> (PWR_3_o_baudrateSig[23]_div_7/Mcompar_o<1>_cy<8>)
     MUXCY:CI->O           1   0.019   0.000  PWR_3_o_baudrateSig[23]_div_7/Mcompar_o<1>_cy<9> (PWR_3_o_baudrateSig[23]_div_7/Mcompar_o<1>_cy<9>)
     MUXCY:CI->O           1   0.213   0.684  PWR_3_o_baudrateSig[23]_div_7/Mcompar_o<1>_cy<10> (PWR_3_o_baudrateSig[23]_div_7/Mcompar_o<1>_cy<10>)
     LUT6:I4->O            1   0.203   0.000  PWR_3_o_baudrateSig[23]_div_7/Mcompar_o<1>_cy<11> (n0101<1>)
     FDE:D                     0.102          main.sampleRateMinOff_0
    ----------------------------------------
    Total                     90.037ns (24.700ns logic, 65.337ns route)
                                       (27.4% logic, 72.6% route)

=========================================================================
Timing constraint: Default OFFSET OUT AFTER for Clock 'clk'
  Total number of paths / destination ports: 9 / 9
-------------------------------------------------------------------------
Offset:              3.668ns (Levels of Logic = 1)
  Source:            busySig (FF)
  Destination:       busy (PAD)
  Source Clock:      clk rising

  Data Path: busySig to busy
                                Gate     Net
    Cell:in->out      fanout   Delay   Delay  Logical Name (Net Name)
    ----------------------------------------  ------------
     FD:C->Q               3   0.447   0.650  busySig (busySig)
     OBUF:I->O                 2.571          busy_OBUF (busy)
    ----------------------------------------
    Total                      3.668ns (3.018ns logic, 0.650ns route)
                                       (82.3% logic, 17.7% route)

=========================================================================

Cross Clock Domains Report:
--------------------------

Clock to Setup on destination clock clk
---------------+---------+---------+---------+---------+
               | Src:Rise| Src:Fall| Src:Rise| Src:Fall|
Source Clock   |Dest:Rise|Dest:Rise|Dest:Fall|Dest:Fall|
---------------+---------+---------+---------+---------+
clk            |    5.957|         |         |         |
---------------+---------+---------+---------+---------+

=========================================================================


Total REAL time to Xst completion: 26.00 secs
Total CPU time to Xst completion: 24.20 secs
 
--> 


Total memory usage is 499308 kilobytes

Number of errors   :    0 (   0 filtered)
Number of warnings :   14 (   0 filtered)
Number of infos    :   24 (   0 filtered)

